translate error (English, after retries): empty content
translate error (Finnish, after retries): empty content
translate error (Finnish, after retries): empty content
translate error (Finnish, after retries): empty content
translate error (Finnish, after retries): empty content
translate error (Finnish, after retries): empty content
translate error (German, after retries): empty content
translate error (Chinese, after retries): empty content
translate error (Finnish, after retries): empty content
translate error (Finnish, after retries): empty content
translate error (German, after retries): empty content
translate error (Finnish, after retries): empty content
translate error (Finnish, after retries): empty content
translate error (German, after retries): empty content
translate error (Spanish, after retries): empty json
translate error (French, after retries): empty content
translate error (Chinese, after retries): empty content
translate error (German, after retries): empty content
translate error (Finnish, after retries): empty content
translate error (German, after retries): empty content
translate error (German, after retries): empty content
translate error (Finnish, after retries): empty content
translate error (German, after retries): empty json
translate error (Finnish, after retries): empty content
translate error (French, after retries): empty content
translate error (French, after retries): empty content
translate error (Spanish, after retries): empty json
translate error (Finnish, after retries): empty json
translate error (Finnish, after retries): empty json
translate error (German, after retries): empty content
translate error (Finnish, after retries): empty content
translate error (French, after retries): empty content
translate error (Finnish, after retries): empty content
translate error (Spanish, after retries): empty json
translate error (Finnish, after retries): empty json
translate error (Finnish, after retries): empty json
translate error (Finnish, after retries): empty content
translate error (Spanish, after retries): empty content
EXIT:143
